// Jest Snapshot v1, https://goo.gl/fbAQLP

exports[`Test for VideoCard component Should renders the same component 1`] = `
<div>
  <div
    class="VideoCard"
  >
    <button
      class="Button noStyles"
      data-testid=""
      type="button"
    >
      <figure>
        <img
          alt="test image"
          src=""
        />
      </figure>
    </button>
  </div>
</div>
`;
