// Jest Snapshot v1, https://goo.gl/fbAQLP

exports[`Test for InputButton ui component Should renders the same component 1`] = `
<div>
  <div
    class="InputButton"
  >
    <input
      class="InputButton__input"
      placeholder=""
      type="text"
    />
    <button
      class="Button InputButton__button primary secondary"
      type="button"
    >
      Press
    </button>
  </div>
</div>
`;
