// Jest Snapshot v1, https://goo.gl/fbAQLP

exports[`Test for InputButton ui component Should renders the same component 1`] = `
<div>
  <div
    class="InputButton"
  >
    <input
      autocomplete="true"
      class="InputButton__input"
      placeholder="Input"
      type="text"
      value=""
    />
    <button
      class="Button InputButton__button primary"
      data-testid=""
      type="button"
    >
      Press
    </button>
  </div>
</div>
`;
