// Jest Snapshot v1, https://goo.gl/fbAQLP

exports[`Test for Home page component Should renders the same component 1`] = `
<div>
  <section
    class="Home"
    data-testid="Home"
  >
    <h1
      class="Home__title"
    >
      Añadir nuevo video
    </h1>
    <div
      class="InputButton Home__input"
    >
      <input
        autocomplete="true"
        class="InputButton__input"
        placeholder="Añadir"
        type="text"
        value=""
      />
      <button
        class="Button InputButton__button primary"
        data-testid=""
        type="button"
      >
        Añadir
      </button>
    </div>
    <section
      class="VideoList"
    />
    <div
      class="Modal"
    >
      <div
        class="Modal__container"
      >
        <div
          class="Modal__header"
        >
          <button
            class="Button Modal__header-button flat"
            data-testid=""
            type="button"
          >
            X
          </button>
        </div>
        <div
          class="Modal__body"
        >
          <p
            class="Home__delete-text"
          >
            ¿Seguro que quieres eliminar este video?
          </p>
        </div>
        <div
          class="Modal__footer"
        >
          <button
            class="Button secondary"
            data-testid=""
            type="button"
          >
            Cancelar
          </button>
          <button
            class="Button primary"
            data-testid=""
            type="button"
          >
            Eliminar
          </button>
        </div>
      </div>
    </div>
    <div
      class="Modal"
    >
      <div
        class="Modal__container"
      >
        <div
          class="Modal__header"
        >
          <button
            class="Button Modal__header-button flat"
            data-testid=""
            type="button"
          >
            X
          </button>
        </div>
        <div
          class="Modal__body"
        >
          <div
            class="Home__modal-container"
          >
            <div
              class="VideoCard"
            >
              <button
                class="Button noStyles"
                data-testid=""
                type="button"
              >
                <figure>
                  <img
                    alt=""
                    src=""
                  />
                </figure>
              </button>
              <button
                class="Button VideoCard__icon-play"
                data-testid="VideoCard__icon-play"
                type="button"
              >
                ►
              </button>
            </div>
            <div
              class="Home__video-info"
            >
              <p
                class="Home__video-name"
              />
              <p
                class="Home__video-description"
              />
            </div>
          </div>
        </div>
        <div
          class="Modal__footer"
        />
      </div>
    </div>
  </section>
</div>
`;
